// Jest Snapshot v1, https://goo.gl/fbAQLP

exports[`ItemCard renders a story 1`] = `
<article
  class="c18o9ext grid noExcerpt"
  data-cy="article-card-1731163180"
>
  <div
    class="selectedBack"
  />
  <div
    class="cardWrap"
  >
    <div
      class="c97c5c media"
    >
      <a
        data-cy="image-link"
        href="https://www.nytimes.com/2017/05/06/business/inside-vws-campaign-of-trickery.html?utm_source=pocket_collection_story"
        rel="noopener noreferrer"
        tabindex="-1"
        target="_blank"
      >
        <img
          alt=""
          src="https://pocket-image-cache.com/600x400/filters:format(jpg):extract_focal()/https%3A%2F%2Fs3.amazonaws.com%2Fpocket-collectionapi-prod-images%2F914953af-15fd-46b9-ba3c-eed3ed278f9a.jpeg"
          srcset=" https://pocket-image-cache.com/1200x800/filters:format(jpg):extract_focal()/https%3A%2F%2Fs3.amazonaws.com%2Fpocket-collectionapi-prod-images%2F914953af-15fd-46b9-ba3c-eed3ed278f9a.jpeg 2x "
          style="--fallbackBackground: #FCB64380; --fallbackColor: #FCB643; --fallbackLetter: 'I';"
        />
        <span
          class="view-original"
          data-cy="view-original"
        >
          View Original 
          <span
            class="i1qqph0t icon"
          >
            <svg
              aria-hidden="true"
              fill="currentColor"
              viewBox="0 0 24 24"
              xmlns="http://www.w3.org/2000/svg"
            >
              <path
                clip-rule="evenodd"
                d="M6 4a2 2 0 0 0-2 2v12a2 2 0 0 0 2 2h12a2 2 0 0 0 2-2v-3a1 1 0 1 1 2 0v3a4 4 0 0 1-4 4H6a4 4 0 0 1-4-4V6a4 4 0 0 1 4-4h3a1 1 0 0 1 0 2H6Z"
                fill-rule="evenodd"
              />
              <path
                clip-rule="evenodd"
                d="M13 3a1 1 0 0 1 1-1h7a1 1 0 0 1 1 1v7a1 1 0 1 1-2 0V5.414l-7.293 7.293a1 1 0 0 1-1.414-1.414L18.586 4H14a1 1 0 0 1-1-1Z"
                fill-rule="evenodd"
              />
            </svg>
          </span>
        </span>
      </a>
    </div>
    <div
      class="content"
    >
      <h2
        class="title openExternal"
      >
        <a
          data-cy="title-link"
          href="https://www.nytimes.com/2017/05/06/business/inside-vws-campaign-of-trickery.html?utm_source=pocket_collection_story"
          rel="noopener noreferrer"
          tabindex="0"
          target="_blank"
        >
          Inside VWâ€™s Campaign of Trickery
        </a>
        <span
          class="i1qqph0t icon mobile-view-original"
          data-cy="view-original-icon"
        >
          <svg
            aria-hidden="true"
            fill="currentColor"
            viewBox="0 0 24 24"
            xmlns="http://www.w3.org/2000/svg"
          >
            <path
              clip-rule="evenodd"
              d="M6 4a2 2 0 0 0-2 2v12a2 2 0 0 0 2 2h12a2 2 0 0 0 2-2v-3a1 1 0 1 1 2 0v3a4 4 0 0 1-4 4H6a4 4 0 0 1-4-4V6a4 4 0 0 1 4-4h3a1 1 0 0 1 0 2H6Z"
              fill-rule="evenodd"
            />
            <path
              clip-rule="evenodd"
              d="M13 3a1 1 0 0 1 1-1h7a1 1 0 0 1 1 1v7a1 1 0 1 1-2 0V5.414l-7.293 7.293a1 1 0 0 1-1.414-1.414L18.586 4H14a1 1 0 0 1-1-1Z"
              fill-rule="evenodd"
            />
          </svg>
        </span>
      </h2>
      <cite
        class="details"
      >
        <div
          class="authors"
        >
          <span>
            Jack Ewing
          </span>
        </div>
        <a
          class="publisher"
          data-cy="publisher-link"
          href="https://www.nytimes.com/2017/05/06/business/inside-vws-campaign-of-trickery.html?utm_source=pocket_collection_story"
          rel="noopener noreferrer"
          tabindex="0"
          target="_blank"
        >
          New York Times
        </a>
      </cite>
    </div>
  </div>
  <footer
    class="footer"
  >
    <div
      class="i18uycg6 actions"
    >
      <button
        class="b5bt6fr sb4ns5w unsaved card-actions"
        data-cy="article-save-btn-1731163180"
      >
        <span
          class="i1qqph0t icon"
        >
          <svg
            aria-hidden="true"
            fill="currentColor"
            viewBox="0 0 24 24"
            xmlns="http://www.w3.org/2000/svg"
          >
            <path
              clip-rule="evenodd"
              d="M2 5a2 2 0 0 1 2-2h16a2 2 0 0 1 2 2H2Zm2 0H2v6c0 5.523 4.477 10 10 10s10-4.477 10-10V5h-2v6a8 8 0 1 1-16 0V5Z"
              fill-rule="evenodd"
            />
            <path
              clip-rule="evenodd"
              d="M7.293 9.293a1 1 0 0 1 1.414 0L12 12.586l3.293-3.293a1 1 0 1 1 1.414 1.414l-4 4a1 1 0 0 1-1.414 0l-4-4a1 1 0 0 1 0-1.414Z"
              fill-rule="evenodd"
            />
          </svg>
        </span>
        <div
          class="actionCopy"
        >
          item-action:save-unsaved
        </div>
      </button>
    </div>
  </footer>
</article>
`;
