// Jest Snapshot v1, https://goo.gl/fbAQLP

exports[`renders ItemVideo with defaults 1`] = `
<div>
  <div
    class="base"
    data-testid="item-video"
  >
    <button
      type="button"
    >
      Expand
    </button>
    <figure>
      <div
        style="width: 100%; height: 100%;"
      />
    </figure>
  </div>
</div>
`;
