// Jest Snapshot v1, https://goo.gl/fbAQLP

exports[`renders ItemLayouts with defaults 1`] = `
<div>
  <div
    class="base"
    data-testid="item-short-layout"
    data-total-cards="0"
  >
    <div
      class="controls noSlide"
    >
      <button
        class="text"
        data-testid="carousel-back"
        disabled=""
        type="button"
      >
        <svg
          aria-hidden="true"
          class="icon "
          fill="currentColor"
          viewBox="0 0 24 24"
          xmlns="http://www.w3.org/2000/svg"
        >
          <path
            clip-rule="evenodd"
            d="M14.707 4.293a1 1 0 0 1 0 1.414L8.414 12l6.293 6.293a1 1 0 0 1-1.414 1.414l-7-7a1 1 0 0 1 0-1.414l7-7a1 1 0 0 1 1.414 0"
            fill-rule="evenodd"
          />
        </svg>
      </button>
      <button
        class="text"
        data-testid="carousel-forward"
        type="button"
      >
        <svg
          aria-hidden="true"
          class="icon "
          fill="currentColor"
          viewBox="0 0 24 24"
          xmlns="http://www.w3.org/2000/svg"
        >
          <path
            clip-rule="evenodd"
            d="M9.293 19.707a1 1 0 0 1 0-1.414L15.586 12 9.293 5.707a1 1 0 0 1 1.414-1.414l7 7a1 1 0 0 1 0 1.414l-7 7a1 1 0 0 1-1.414 0"
            fill-rule="evenodd"
          />
        </svg>
      </button>
    </div>
    <div
      class="outer"
    >
      <div
        class="inner"
        style="width: 0%; grid-template-columns: repeat(0, 1fr); transform: translateX(-NaN%);"
      />
    </div>
  </div>
</div>
`;
