// Jest Snapshot v1, https://goo.gl/fbAQLP

exports[`renders ItemActionsMenu when opened 1`] = `
<div
  class="base"
  data-testid="overflow-menu"
>
  <button
    class="menu"
    type="button"
  >
    <svg
      aria-hidden="true"
      class="icon "
      fill="currentColor"
      viewBox="0 0 24 24"
      xmlns="http://www.w3.org/2000/svg"
    >
      <path
        clip-rule="evenodd"
        d="M3 3a1 1 0 0 1 1-1h16a1 1 0 0 1 .707 1.707L16.414 8l4.293 4.293A1 1 0 0 1 20 14H5v7a1 1 0 1 1-2 0zm2 9h12.586l-3.293-3.293a1 1 0 0 1 0-1.414L17.586 4H5z"
        fill-rule="evenodd"
      />
    </svg>
     
    <span>
      Report this Item
    </span>
  </button>
  <hr />
  <button
    class="menu"
    type="button"
  >
    <svg
      aria-hidden="true"
      class="icon "
      fill="currentColor"
      viewBox="0 0 24 24"
      xmlns="http://www.w3.org/2000/svg"
    >
      <path
        clip-rule="evenodd"
        d="M7.422 6.122a1 1 0 0 0-1.3 1.3l2.828 7.07a1 1 0 0 0 .557.558l7.071 2.828a1 1 0 0 0 1.3-1.3l-2.828-7.07a1 1 0 0 0-.557-.558zm3.226 7.23 4.507 1.803-1.803-4.507z"
        fill-rule="evenodd"
      />
      <path
        clip-rule="evenodd"
        d="M12 21a9 9 0 1 0 0-18 9 9 0 0 0 0 18m0 2c6.075 0 11-4.925 11-11S18.075 1 12 1 1 5.925 1 12s4.925 11 11 11"
        fill-rule="evenodd"
      />
    </svg>
     
    <span>
      Get Summary
    </span>
  </button>
  <button
    class="menu"
    type="button"
  >
    <svg
      aria-hidden="true"
      class="icon "
      fill="currentColor"
      viewBox="0 0 24 24"
      xmlns="http://www.w3.org/2000/svg"
    >
      <path
        clip-rule="evenodd"
        d="M12 4a8 8 0 0 0-8 8v.8h2.5a2 2 0 0 1 2 2V20a2 2 0 0 1-2 2H5a3 3 0 0 1-3-3v-7C2 6.477 6.477 2 12 2s10 4.477 10 10v7a3 3 0 0 1-3 3h-1.5a2 2 0 0 1-2-2v-5.2a2 2 0 0 1 2-2H20V12a8 8 0 0 0-8-8m8 10.8h-2.5V20H19a1 1 0 0 0 1-1zm-16 0V19a1 1 0 0 0 1 1h1.5v-5.2z"
        fill-rule="evenodd"
      />
    </svg>
     
    <span>
      Listen
    </span>
  </button>
  <button
    class="menu"
    type="button"
  >
    <svg
      aria-hidden="true"
      class="icon "
      fill="currentColor"
      viewBox="0 0 24 24"
      xmlns="http://www.w3.org/2000/svg"
    >
      <path
        clip-rule="evenodd"
        d="M15.5 2a1 1 0 0 1 .938.653l1.596 4.313 4.313 1.596a1 1 0 0 1 0 1.876l-4.313 1.596-1.596 4.313a1 1 0 0 1-1.876 0l-1.596-4.313-4.313-1.596a1 1 0 0 1 0-1.876l4.313-1.596 1.596-4.313A1 1 0 0 1 15.5 2m0 3.882-.818 2.21a1 1 0 0 1-.59.59l-2.21.818 2.21.818a1 1 0 0 1 .59.59l.818 2.21.818-2.21a1 1 0 0 1 .59-.59l2.21-.818-2.21-.818a1 1 0 0 1-.59-.59zM7 12a1 1 0 0 1 .938.653l.92 2.488 2.489.921a1 1 0 0 1 0 1.876l-2.488.92-.921 2.489a1 1 0 0 1-1.876 0l-.92-2.488-2.489-.921a1 1 0 0 1 0-1.876l2.488-.92.921-2.489A1 1 0 0 1 7 12m0 3.882-.143.385a1 1 0 0 1-.59.59L5.882 17l.385.142a1 1 0 0 1 .59.591L7 18.12l.143-.386a1 1 0 0 1 .59-.59L8.118 17l-.385-.142a1 1 0 0 1-.59-.591z"
        fill-rule="evenodd"
      />
    </svg>
     
    <span>
      Show Similar
    </span>
  </button>
  <hr />
  <button
    class="menu"
    type="button"
  >
    <svg
      aria-hidden="true"
      class="icon "
      fill="none"
      viewBox="0 0 24 24"
      xmlns="http://www.w3.org/2000/svg"
    >
      <path
        d="M19 20a.97.97 0 0 1-.712-.288A.97.97 0 0 1 18 19v-3h-3a.97.97 0 0 1-.712-.288A.97.97 0 0 1 14 15q0-.425.288-.713A.97.97 0 0 1 15 14h3v-3q0-.425.288-.713A.97.97 0 0 1 19 10q.424 0 .712.287.288.288.288.713v3h3q.424 0 .712.287.288.288.288.713 0 .424-.288.712A.97.97 0 0 1 23 16h-3v3q0 .424-.288.712A.97.97 0 0 1 19 20M6 16a.97.97 0 0 1-.712-.288A.97.97 0 0 1 5 15q0-.425.288-.713A.97.97 0 0 1 6 14h5a.97.97 0 0 1 .713.287A.97.97 0 0 1 12 15q0 .424-.287.712A.97.97 0 0 1 11 16zm0-4a.97.97 0 0 1-.712-.288A.97.97 0 0 1 5 11q0-.425.288-.713A.97.97 0 0 1 6 10h9a.97.97 0 0 1 .713.287A.97.97 0 0 1 16 11q0 .424-.287.712A.97.97 0 0 1 15 12zm0-4a.97.97 0 0 1-.712-.287A.97.97 0 0 1 5 7q0-.425.288-.713A.97.97 0 0 1 6 6h9a.97.97 0 0 1 .713.287A.97.97 0 0 1 16 7a.97.97 0 0 1-.287.713A.97.97 0 0 1 15 8z"
        fill="currentColor"
      />
      <path
        d="M2 16a.97.97 0 0 0 .713-.288A.97.97 0 0 0 3 15a.97.97 0 0 0-.287-.713A.97.97 0 0 0 2 14a.97.97 0 0 0-.713.287A.97.97 0 0 0 1 15q0 .424.287.712Q1.575 16 2 16m0-4a.97.97 0 0 0 .713-.288A.97.97 0 0 0 3 11a.97.97 0 0 0-.287-.713A.97.97 0 0 0 2 10a.97.97 0 0 0-.713.287A.97.97 0 0 0 1 11q0 .424.287.712Q1.575 12 2 12m0-4a.97.97 0 0 0 .713-.288A.97.97 0 0 0 3 7a.97.97 0 0 0-.287-.713A.97.97 0 0 0 2 6a.97.97 0 0 0-.713.287A.97.97 0 0 0 1 7q0 .424.287.712Q1.575 8 2 8m4 8h4q.424 0 .712-.288A.97.97 0 0 0 11 15a.97.97 0 0 0-.288-.713A.97.97 0 0 0 10 14H6a.97.97 0 0 0-.712.287A.97.97 0 0 0 5 15q0 .424.288.712A.97.97 0 0 0 6 16m0-4h4q.424 0 .712-.288A.97.97 0 0 0 11 11a.97.97 0 0 0-.288-.713A.97.97 0 0 0 10 10H6a.97.97 0 0 0-.712.287A.97.97 0 0 0 5 11q0 .424.288.712A.97.97 0 0 0 6 12m0-4h4q.424 0 .712-.288A.97.97 0 0 0 11 7a.97.97 0 0 0-.288-.713A.97.97 0 0 0 10 6H6a.97.97 0 0 0-.712.287A.97.97 0 0 0 5 7q0 .424.288.712A.97.97 0 0 0 6 8"
        fill="currentColor"
      />
    </svg>
     
    <span>
      Add to Collection
    </span>
  </button>
  <hr />
  <button
    class="menu"
    type="button"
  >
    <svg
      aria-hidden="true"
      class="icon "
      fill="currentColor"
      viewBox="0 0 24 24"
      xmlns="http://www.w3.org/2000/svg"
    >
      <path
        clip-rule="evenodd"
        d="M11.293 1.293a1 1 0 0 1 1.414 0l4 4a1 1 0 0 1-1.414 1.414L13 4.414V13a1 1 0 1 1-2 0V4.414L8.707 6.707a1 1 0 0 1-1.414-1.414z"
        fill-rule="evenodd"
      />
      <path
        clip-rule="evenodd"
        d="M4 10a1 1 0 0 1 1 1v7a2 2 0 0 0 2 2h10a2 2 0 0 0 2-2v-7a1 1 0 1 1 2 0v7a4 4 0 0 1-4 4H7a4 4 0 0 1-4-4v-7a1 1 0 0 1 1-1"
        fill-rule="evenodd"
      />
    </svg>
     
    <span>
      Share
    </span>
  </button>
</div>
`;

exports[`renders ItemActionsMenu with defaults 1`] = `
<div>
  <button
    class="action tiny "
    data-testid="trigger-overflow"
    type="button"
  >
    <svg
      aria-hidden="true"
      class="icon "
      fill="currentColor"
      viewBox="0 0 24 24"
      xmlns="http://www.w3.org/2000/svg"
    >
      <path
        d="M14 12a2 2 0 1 1-4 0 2 2 0 0 1 4 0M6 12a2 2 0 1 1-4 0 2 2 0 0 1 4 0M22 12a2 2 0 1 1-4 0 2 2 0 0 1 4 0"
      />
    </svg>
  </button>
</div>
`;
