// Jest Snapshot v1, https://goo.gl/fbAQLP

exports[`renders ItemSound with defaults 1`] = `
<div
  class="base"
  data-testid="item-short"
>
  <figure>
    <div
      style="width: 100%; height: 100%;"
    >
      <iframe
        allow="autoplay"
        frameborder="0"
        src="https://w.soundcloud.com/player/?url=https%3A%2F%2Fsoundcloud.com%2Fjohnsummit%2Fshiver-by-john-summit-and-hayla"
        style="width: 100%; height: 100%;"
      />
    </div>
  </figure>
</div>
`;
