// Jest Snapshot v1, https://goo.gl/fbAQLP

exports[`renders NavFooter with defaults 1`] = `
<div>
  <footer
    class="base"
    data-testid="nav-footer"
  >
    <div
      class="container page-container"
    >
      <section>
        <h6>
          Products
        </h6>
        <nav
          aria-label="Products"
        >
          <ul>
            <li>
              <a
                href="https://getpocket.com/explore?src=footer_v2"
              >
                Must-read articles
              </a>
            </li>
            <li>
              <a
                href="https://getpocket.com/en/explore/pocket-hits-signup?src=footer_v2"
              >
                Daily newsletter
              </a>
            </li>
            <li>
              <a
                href="https://getpocket.com/premium?utm_source=web-app-premium-cta&utm_campaign=global-bottom&src=footer_v2"
              >
                Pocket Premium
              </a>
            </li>
            <li>
              <a
                href="https://support.mozilla.org/en-US/products/pocket/pocket-browser-extensions?src=footer_v2"
              >
                Save to Pocket extensions
              </a>
            </li>
          </ul>
        </nav>
      </section>
      <section>
        <h6>
          Company
        </h6>
        <nav
          aria-label="Company"
        >
          <ul>
            <li>
              <a
                href="/about?src=footer_v2"
              >
                About
              </a>
            </li>
            <li>
              <a
                href="/privacy?src=footer_v2"
              >
                Privacy policy
              </a>
            </li>
            <li>
              <a
                href="/tos?src=footer_v2"
              >
                Terms of service
              </a>
            </li>
            <li>
              <button
                class="text"
                data-testid="nav-footer-cookie-preference"
                id="ot-sdk-btn"
                type="button"
              >
                Cookie preferences
              </button>
            </li>
          </ul>
        </nav>
      </section>
      <section>
        <h6>
          Resources
        </h6>
        <nav
          aria-label="Resources"
        >
          <ul>
            <li>
              <a
                href="https://help.getpocket.com/?src=footer_v2"
              >
                Get help
              </a>
            </li>
            <li>
              <a
                href="/sponsor?src=footer_v2"
              >
                Advertise
              </a>
            </li>
            <li>
              <span
                class="socialTitle"
              >
                Follow Pocket
              </span>
              <div
                class="social"
              >
                <a
                  href="https://facebook.com/pocket"
                  rel="noopener"
                  target="_blank"
                  title="Visit our Facebook page"
                >
                  <svg
                    aria-hidden="true"
                    class="icon "
                    fill="currentColor"
                    viewBox="0 0 24 24"
                    xmlns="http://www.w3.org/2000/svg"
                  >
                    <path
                      clip-rule="evenodd"
                      d="M23 12c0-6.075-4.925-11-11-11S1 5.925 1 12c0 5.49 4.023 10.041 9.281 10.866V15.18H7.488V12h2.793V9.577c0-2.757 1.643-4.28 4.155-4.28 1.204 0 2.462.215 2.462.215v2.707h-1.387c-1.366 0-1.792.848-1.792 1.718V12h3.05l-.487 3.18h-2.563v7.686C18.978 22.041 23 17.49 23 12"
                      fill-rule="evenodd"
                    />
                  </svg>
                </a>
                <a
                  href="https://twitter.com/pocket"
                  rel="noopener"
                  target="_blank"
                  title="View our Twitter profile"
                >
                  <svg
                    aria-hidden="true"
                    class="icon "
                    fill="currentColor"
                    viewBox="0 0 24 24"
                    xmlns="http://www.w3.org/2000/svg"
                  >
                    <path
                      clip-rule="evenodd"
                      d="M23 5.132a9 9 0 0 1-2.592.715 4.57 4.57 0 0 0 1.985-2.51 9 9 0 0 1-2.865 1.102A4.5 4.5 0 0 0 16.232 3c-2.495 0-4.516 2.036-4.516 4.547 0 .357.045.704.119 1.034-3.754-.188-7.079-1.999-9.304-4.746a4.551 4.551 0 0 0 1.398 6.064 4.55 4.55 0 0 1-2.049-.566v.053c0 2.203 1.555 4.041 3.623 4.452q-.572.164-1.192.164c-.287 0-.572-.029-.846-.08a4.51 4.51 0 0 0 4.214 3.155A9.03 9.03 0 0 1 1 18.959 12.7 12.7 0 0 0 7.914 21c8.307 0 12.847-6.922 12.847-12.928q-.002-.296-.014-.59A9.2 9.2 0 0 0 23 5.132"
                      fill-rule="evenodd"
                    />
                  </svg>
                </a>
                <a
                  href="https://instagram.com/pocket"
                  rel="noopener"
                  target="_blank"
                  title="Find us on Instagram"
                >
                  <svg
                    aria-hidden="true"
                    class="icon "
                    fill="none"
                    viewBox="0 0 24 24"
                    xmlns="http://www.w3.org/2000/svg"
                  >
                    <g
                      fill="currentColor"
                    >
                      <path
                        d="M12 3.801c2.67 0 2.986.01 4.04.059.976.044 1.505.207 1.858.344.435.16.828.416 1.151.748.332.323.588.716.748 1.151.137.353.3.882.345 1.857.047 1.055.058 1.37.058 4.041 0 2.67-.01 2.987-.058 4.041-.045.975-.208 1.505-.345 1.857a3.31 3.31 0 0 1-1.898 1.898c-.352.137-.882.3-1.857.344-1.054.048-1.37.058-4.04.058s-2.987-.01-4.041-.058c-.975-.044-1.505-.207-1.857-.344a3.1 3.1 0 0 1-1.151-.748 3.1 3.1 0 0 1-.749-1.151c-.137-.353-.3-.883-.344-1.857-.048-1.055-.058-1.371-.058-4.041s.01-2.987.058-4.041c.045-.975.207-1.505.344-1.857.16-.435.416-.829.749-1.151a3.1 3.1 0 0 1 1.15-.749c.353-.137.883-.3 1.858-.344C9.015 3.81 9.33 3.8 12 3.8zm.002-1.803c-2.716 0-3.057.012-4.124.06-1.066.05-1.793.22-2.428.466a4.9 4.9 0 0 0-1.772 1.154A4.9 4.9 0 0 0 2.525 5.45c-.247.635-.416 1.363-.465 2.427C2.012 8.942 2 9.284 2 12s.012 3.056.06 4.123c.05 1.066.218 1.791.465 2.426a4.9 4.9 0 0 0 1.153 1.771c.5.51 1.105.903 1.772 1.154.635.248 1.363.417 2.428.465S9.285 22 12 22s3.056-.01 4.123-.06 1.79-.217 2.426-.465a5.11 5.11 0 0 0 2.925-2.925c.247-.635.416-1.363.465-2.427.048-1.064.06-1.407.06-4.123s-.012-3.057-.06-4.123c-.05-1.067-.218-1.791-.465-2.426a4.9 4.9 0 0 0-1.153-1.771 4.9 4.9 0 0 0-1.772-1.155c-.635-.247-1.363-.416-2.428-.464S14.716 2 12 2z"
                      />
                      <path
                        d="M12 6.865a5.135 5.135 0 1 0 0 10.27 5.135 5.135 0 0 0 0-10.27m0 8.47a3.335 3.335 0 1 1 0-6.671 3.335 3.335 0 0 1 0 6.67M17.338 7.862a1.2 1.2 0 1 0 0-2.4 1.2 1.2 0 0 0 0 2.4"
                      />
                    </g>
                  </svg>
                </a>
              </div>
            </li>
          </ul>
        </nav>
      </section>
      <section
        class="appLinks"
      >
        <h6>
          Get the app
        </h6>
        <a
          href="https://apps.apple.com/us/app/pocket-save-read-grow/id309601447"
          rel="noopener"
          target="_blank"
          title="Download On the Apple App Store"
        >
          <svg
            height="40"
            width="119.664"
          >
            <use
              href="#appstore"
            />
          </svg>
        </a>
        <a
          class="google-play-badge"
          href="https://play.google.com/store/apps/details?id=com.ideashower.readitlater.pro"
          rel="noopener"
          target="_blank"
          title="Get It On Google Play"
        >
          <svg
            height="40.37"
            width="135.12"
          >
            <use
              href="#googleplay"
            />
          </svg>
        </a>
      </section>
      <div
        class="subContent"
      >
        <section>
          <div
            class="partOf"
          >
            Pocket is part of the
             
            <a
              href="https://www.mozilla.org/about/"
              rel="noopener"
              target="_blank"
            >
              Mozilla
            </a>
             
            family of products.
          </div>
          <nav
            aria-label="Legal"
            class="legalLinks"
          >
            <span>
              Â© 
              2024
               
              Mozilla Corporation
            </span>
          </nav>
        </section>
        <section
          class="languageSelector"
        >
          <select
            data-testid="nav-footer-language-selector"
          >
            <option
              value="zh-TW"
            >
              Chinese (Taiwan)
            </option>
            <option
              value="zh"
            >
              Chinese
            </option>
            <option
              value="nl"
            >
              Dutch
            </option>
            <option
              value="en"
            >
              English
            </option>
            <option
              value="fr"
            >
              French
            </option>
            <option
              value="fr-CA"
            >
              French (Canada)
            </option>
            <option
              value="de"
            >
              German
            </option>
            <option
              value="it"
            >
              Italian
            </option>
            <option
              value="ja"
            >
              Japanese
            </option>
            <option
              value="ko"
            >
              Korean
            </option>
            <option
              value="pl"
            >
              Polish
            </option>
            <option
              value="pt"
            >
              Portuguese
            </option>
            <option
              value="pt-BR"
            >
              Portuguese (Brazil)
            </option>
            <option
              value="ru"
            >
              Russian
            </option>
            <option
              value="es"
            >
              Spanish (Spain)
            </option>
            <option
              value="es-LA"
            >
              Spanish (Latin America)
            </option>
          </select>
        </section>
      </div>
    </div>
    <svg
      class="symbols"
      xmlns="http://www.w3.org/2000/svg"
    >
      <symbol
        height="40.37"
        id="googleplay"
        width="135.12"
      >
        <path
          d="M130 40H5c-2.8 0-5-2.2-5-5V5c0-2.8 2.2-5 5-5h125c2.8 0 5 2.2 5 5v30c0 2.8-2.2 5-5 5z"
        />
        <path
          d="M130 .8c2.3 0 4.2 1.9 4.2 4.2v30c0 2.3-1.9 4.2-4.2 4.2H5C2.7 39.2.8 37.3.8 35V5C.8 2.7 2.7.8 5 .8h125m0-.8H5C2.2 0 0 2.3 0 5v30c0 2.8 2.2 5 5 5h125c2.8 0 5-2.2 5-5V5c0-2.7-2.2-5-5-5z"
          fill="#a6a6a6"
        />
        <path
          d="M47.4 10.2c0 .8-.2 1.5-.7 2-.6.6-1.3.9-2.2.9-.9 0-1.6-.3-2.2-.9-.6-.6-.9-1.3-.9-2.2 0-.9.3-1.6.9-2.2.6-.6 1.3-.9 2.2-.9.4 0 .8.1 1.2.3.4.2.7.4.9.7l-.5.5c-.4-.5-.9-.7-1.6-.7-.6 0-1.2.2-1.6.7-.5.4-.7 1-.7 1.7s.2 1.3.7 1.7c.5.4 1 .7 1.6.7.7 0 1.2-.2 1.7-.7.3-.3.5-.7.5-1.2h-2.2v-.8h2.9v.4zM52 7.7h-2.7v1.9h2.5v.7h-2.5v1.9H52v.8h-3.5V7H52v.7zM55.3 13h-.8V7.7h-1.7V7H57v.7h-1.7V13zM59.9 13V7h.8v6h-.8zM64.1 13h-.8V7.7h-1.7V7h4.1v.7H64V13zM73.6 12.2c-.6.6-1.3.9-2.2.9-.9 0-1.6-.3-2.2-.9-.6-.6-.9-1.3-.9-2.2s.3-1.6.9-2.2c.6-.6 1.3-.9 2.2-.9.9 0 1.6.3 2.2.9.6.6.9 1.3.9 2.2 0 .9-.3 1.6-.9 2.2zm-3.8-.5c.4.4 1 .7 1.6.7.6 0 1.2-.2 1.6-.7.4-.4.7-1 .7-1.7s-.2-1.3-.7-1.7c-.4-.4-1-.7-1.6-.7-.6 0-1.2.2-1.6.7-.4.4-.7 1-.7 1.7s.2 1.3.7 1.7zM75.6 13V7h.9l2.9 4.7V7h.8v6h-.8l-3.1-4.9V13h-.7z"
          fill="#fff"
          stroke="#fff"
          stroke-miterlimit="10"
          stroke-width=".2"
        />
        <path
          d="M68.1 21.8c-2.4 0-4.3 1.8-4.3 4.3 0 2.4 1.9 4.3 4.3 4.3s4.3-1.8 4.3-4.3c0-2.6-1.9-4.3-4.3-4.3zm0 6.8c-1.3 0-2.4-1.1-2.4-2.6s1.1-2.6 2.4-2.6c1.3 0 2.4 1 2.4 2.6 0 1.5-1.1 2.6-2.4 2.6zm-9.3-6.8c-2.4 0-4.3 1.8-4.3 4.3 0 2.4 1.9 4.3 4.3 4.3s4.3-1.8 4.3-4.3c0-2.6-1.9-4.3-4.3-4.3zm0 6.8c-1.3 0-2.4-1.1-2.4-2.6s1.1-2.6 2.4-2.6c1.3 0 2.4 1 2.4 2.6 0 1.5-1.1 2.6-2.4 2.6zm-11.1-5.5v1.8H52c-.1 1-.5 1.8-1 2.3-.6.6-1.6 1.3-3.3 1.3-2.7 0-4.7-2.1-4.7-4.8s2.1-4.8 4.7-4.8c1.4 0 2.5.6 3.3 1.3l1.3-1.3c-1.1-1-2.5-1.8-4.5-1.8-3.6 0-6.7 3-6.7 6.6 0 3.6 3.1 6.6 6.7 6.6 2 0 3.4-.6 4.6-1.9 1.2-1.2 1.6-2.9 1.6-4.2 0-.4 0-.8-.1-1.1h-6.2zm45.4 1.4c-.4-1-1.4-2.7-3.6-2.7s-4 1.7-4 4.3c0 2.4 1.8 4.3 4.2 4.3 1.9 0 3.1-1.2 3.5-1.9l-1.4-1c-.5.7-1.1 1.2-2.1 1.2s-1.6-.4-2.1-1.3l5.7-2.4-.2-.5zm-5.8 1.4c0-1.6 1.3-2.5 2.2-2.5.7 0 1.4.4 1.6.9l-3.8 1.6zM82.6 30h1.9V17.5h-1.9V30zm-3-7.3c-.5-.5-1.3-1-2.3-1-2.1 0-4.1 1.9-4.1 4.3s1.9 4.2 4.1 4.2c1 0 1.8-.5 2.2-1h.1v.6c0 1.6-.9 2.5-2.3 2.5-1.1 0-1.9-.8-2.1-1.5l-1.6.7c.5 1.1 1.7 2.5 3.8 2.5 2.2 0 4-1.3 4-4.4V22h-1.8v.7zm-2.2 5.9c-1.3 0-2.4-1.1-2.4-2.6s1.1-2.6 2.4-2.6c1.3 0 2.3 1.1 2.3 2.6s-1 2.6-2.3 2.6zm24.4-11.1h-4.5V30h1.9v-4.7h2.6c2.1 0 4.1-1.5 4.1-3.9s-2-3.9-4.1-3.9zm.1 6h-2.7v-4.3h2.7c1.4 0 2.2 1.2 2.2 2.1-.1 1.1-.9 2.2-2.2 2.2zm11.5-1.8c-1.4 0-2.8.6-3.3 1.9l1.7.7c.4-.7 1-.9 1.7-.9 1 0 1.9.6 2 1.6v.1c-.3-.2-1.1-.5-1.9-.5-1.8 0-3.6 1-3.6 2.8 0 1.7 1.5 2.8 3.1 2.8 1.3 0 1.9-.6 2.4-1.2h.1v1h1.8v-4.8c-.2-2.2-1.9-3.5-4-3.5zm-.2 6.9c-.6 0-1.5-.3-1.5-1.1 0-1 1.1-1.3 2-1.3.8 0 1.2.2 1.7.4-.2 1.2-1.2 2-2.2 2zm10.5-6.6l-2.1 5.4h-.1l-2.2-5.4h-2l3.3 7.6-1.9 4.2h1.9l5.1-11.8h-2zm-16.8 8h1.9V17.5h-1.9V30z"
          fill="#fff"
        />
        <lineargradient
          gradientTransform="matrix(1 0 0 -1 0 42)"
          gradientUnits="userSpaceOnUse"
          id="a"
          x1="21.8"
          x2="5.017"
          y1="33.29"
          y2="16.508"
        >
          <stop
            offset="0"
            stop-color="#00a0ff"
          />
          <stop
            offset=".007"
            stop-color="#00a1ff"
          />
          <stop
            offset=".26"
            stop-color="#00beff"
          />
          <stop
            offset=".512"
            stop-color="#00d2ff"
          />
          <stop
            offset=".76"
            stop-color="#00dfff"
          />
          <stop
            offset="1"
            stop-color="#00e3ff"
          />
        </lineargradient>
        <path
          d="M10.4 7.5c-.3.3-.4.8-.4 1.4V31c0 .6.2 1.1.5 1.4l.1.1L23 20.1v-.2L10.4 7.5z"
          fill="url(#a)"
        />
        <lineargradient
          gradientTransform="matrix(1 0 0 -1 0 42)"
          gradientUnits="userSpaceOnUse"
          id="b"
          x1="33.834"
          x2="9.637"
          y1="21.999"
          y2="21.999"
        >
          <stop
            offset="0"
            stop-color="#ffe000"
          />
          <stop
            offset=".409"
            stop-color="#ffbd00"
          />
          <stop
            offset=".775"
            stop-color="orange"
          />
          <stop
            offset="1"
            stop-color="#ff9c00"
          />
        </lineargradient>
        <path
          d="M27 24.3l-4.1-4.1V19.9l4.1-4.1.1.1 4.9 2.8c1.4.8 1.4 2.1 0 2.9l-5 2.7z"
          fill="url(#b)"
        />
        <lineargradient
          gradientTransform="matrix(1 0 0 -1 0 42)"
          gradientUnits="userSpaceOnUse"
          id="c"
          x1="24.827"
          x2="2.069"
          y1="19.704"
          y2="-3.054"
        >
          <stop
            offset="0"
            stop-color="#ff3a44"
          />
          <stop
            offset="1"
            stop-color="#c31162"
          />
        </lineargradient>
        <path
          d="M27.1 24.2L22.9 20 10.4 32.5c.5.5 1.2.5 2.1.1l14.6-8.4"
          fill="url(#c)"
        />
        <lineargradient
          gradientTransform="matrix(1 0 0 -1 0 42)"
          gradientUnits="userSpaceOnUse"
          id="d"
          x1="7.297"
          x2="17.46"
          y1="41.824"
          y2="31.661"
        >
          <stop
            offset="0"
            stop-color="#32a071"
          />
          <stop
            offset=".069"
            stop-color="#2da771"
          />
          <stop
            offset=".476"
            stop-color="#15cf74"
          />
          <stop
            offset=".801"
            stop-color="#06e775"
          />
          <stop
            offset="1"
            stop-color="#00f076"
          />
        </lineargradient>
        <path
          d="M27.1 15.8L12.5 7.5c-.9-.5-1.6-.4-2.1.1L22.9 20l4.2-4.2z"
          fill="url(#d)"
        />
        <path
          d="M27 24.1l-14.5 8.2c-.8.5-1.5.4-2 0l-.1.1.1.1c.5.4 1.2.5 2 0L27 24.1z"
          opacity=".2"
        />
        <path
          d="M10.4 32.3c-.3-.3-.4-.8-.4-1.4v.1c0 .6.2 1.1.5 1.4v-.1h-.1zM32 21.3l-5 2.8.1.1 4.9-2.8c.7-.4 1-.9 1-1.4 0 .5-.4.9-1 1.3z"
          opacity=".12"
        />
        <path
          d="M12.5 7.6L32 18.7c.6.4 1 .8 1 1.3 0-.5-.3-1-1-1.4L12.5 7.5c-1.4-.8-2.5-.2-2.5 1.4V9c0-1.5 1.1-2.2 2.5-1.4z"
          fill="#fff"
          opacity=".25"
        />
      </symbol>
      <symbol
        height="40"
        id="appstore"
        width="119.664"
      >
        <path
          d="M110.135 0H9.535c-.367 0-.73 0-1.095.002-.306.002-.61.008-.919.013A13.215 13.215 0 0 0 5.517.19a6.665 6.665 0 0 0-1.9.627 6.438 6.438 0 0 0-1.62 1.18A6.258 6.258 0 0 0 .82 3.617a6.601 6.601 0 0 0-.625 1.903 12.993 12.993 0 0 0-.179 2.002c-.01.307-.01.615-.015.921V31.56c.005.31.006.61.015.921a12.992 12.992 0 0 0 .18 2.002 6.588 6.588 0 0 0 .624 1.905A6.208 6.208 0 0 0 1.998 38a6.274 6.274 0 0 0 1.618 1.179 6.7 6.7 0 0 0 1.901.63 13.455 13.455 0 0 0 2.004.177c.31.007.613.011.919.011.366.002.728.002 1.095.002h100.6c.36 0 .724 0 1.084-.002.304 0 .617-.004.922-.01a13.279 13.279 0 0 0 2-.178 6.804 6.804 0 0 0 1.908-.63A6.277 6.277 0 0 0 117.666 38a6.395 6.395 0 0 0 1.182-1.614 6.604 6.604 0 0 0 .619-1.905 13.506 13.506 0 0 0 .185-2.002c.004-.31.004-.61.004-.921.008-.364.008-.725.008-1.094V9.536c0-.366 0-.73-.008-1.092 0-.306 0-.614-.004-.92a13.507 13.507 0 0 0-.185-2.003 6.618 6.618 0 0 0-.62-1.903 6.466 6.466 0 0 0-2.798-2.8 6.768 6.768 0 0 0-1.908-.627 13.044 13.044 0 0 0-2-.176c-.305-.005-.618-.011-.922-.013-.36-.002-.725-.002-1.084-.002Z"
          fill="#a6a6a6"
        />
        <path
          d="M8.445 39.125c-.305 0-.602-.004-.904-.01a12.687 12.687 0 0 1-1.87-.164 5.884 5.884 0 0 1-1.656-.548 5.406 5.406 0 0 1-1.397-1.016 5.32 5.32 0 0 1-1.02-1.397 5.722 5.722 0 0 1-.544-1.657 12.414 12.414 0 0 1-.166-1.875c-.007-.21-.015-.913-.015-.913v-23.1s.009-.692.015-.895a12.37 12.37 0 0 1 .165-1.872 5.755 5.755 0 0 1 .544-1.662 5.373 5.373 0 0 1 1.015-1.398 5.565 5.565 0 0 1 1.402-1.023 5.823 5.823 0 0 1 1.653-.544A12.586 12.586 0 0 1 7.543.887l.902-.012h102.769l.913.013a12.385 12.385 0 0 1 1.858.162 5.938 5.938 0 0 1 1.671.548 5.594 5.594 0 0 1 2.415 2.42 5.763 5.763 0 0 1 .535 1.649 12.995 12.995 0 0 1 .174 1.887c.003.283.003.588.003.89.008.375.008.732.008 1.092v20.929c0 .363 0 .718-.008 1.075 0 .325 0 .623-.004.93a12.731 12.731 0 0 1-.17 1.853 5.739 5.739 0 0 1-.54 1.67 5.48 5.48 0 0 1-1.016 1.386 5.413 5.413 0 0 1-1.4 1.022 5.862 5.862 0 0 1-1.668.55 12.542 12.542 0 0 1-1.869.163c-.293.007-.6.011-.897.011l-1.084.002Z"
        />
        <g
          data-name="<Group>"
        >
          <g
            data-name="<Group>"
          >
            <path
              d="M24.769 20.3a4.949 4.949 0 0 1 2.356-4.151 5.066 5.066 0 0 0-3.99-2.158c-1.68-.176-3.308 1.005-4.164 1.005-.872 0-2.19-.988-3.608-.958a5.315 5.315 0 0 0-4.473 2.728c-1.934 3.348-.491 8.269 1.361 10.976.927 1.325 2.01 2.805 3.428 2.753 1.387-.058 1.905-.885 3.58-.885 1.658 0 2.144.885 3.59.852 1.489-.025 2.426-1.332 3.32-2.67a10.962 10.962 0 0 0 1.52-3.092 4.782 4.782 0 0 1-2.92-4.4ZM22.037 12.21a4.872 4.872 0 0 0 1.115-3.49 4.957 4.957 0 0 0-3.208 1.66A4.636 4.636 0 0 0 18.8 13.74a4.1 4.1 0 0 0 3.237-1.53Z"
              data-name="<Path>"
              fill="#fff"
            />
          </g>
          <path
            d="M42.302 27.14H37.57l-1.137 3.356h-2.005l4.484-12.418h2.083l4.483 12.418h-2.039Zm-4.243-1.55h3.752l-1.85-5.446h-.051ZM55.16 25.97c0 2.813-1.506 4.62-3.779 4.62a3.07 3.07 0 0 1-2.848-1.583h-.043v4.484H46.63V21.442h1.8v1.506h.033a3.212 3.212 0 0 1 2.883-1.6c2.298 0 3.813 1.816 3.813 4.622Zm-1.91 0c0-1.833-.948-3.038-2.393-3.038-1.42 0-2.375 1.23-2.375 3.038 0 1.824.955 3.046 2.375 3.046 1.445 0 2.393-1.197 2.393-3.046ZM65.125 25.97c0 2.813-1.506 4.62-3.779 4.62a3.07 3.07 0 0 1-2.848-1.583h-.043v4.484h-1.859V21.442h1.799v1.506h.034a3.212 3.212 0 0 1 2.883-1.6c2.298 0 3.813 1.816 3.813 4.622Zm-1.91 0c0-1.833-.948-3.038-2.393-3.038-1.42 0-2.375 1.23-2.375 3.038 0 1.824.955 3.046 2.375 3.046 1.445 0 2.392-1.197 2.392-3.046ZM71.71 27.036c.138 1.232 1.334 2.04 2.97 2.04 1.566 0 2.693-.808 2.693-1.919 0-.964-.68-1.54-2.29-1.936l-1.609-.388c-2.28-.55-3.339-1.617-3.339-3.348 0-2.142 1.867-3.614 4.519-3.614 2.624 0 4.423 1.472 4.483 3.614h-1.876c-.112-1.239-1.136-1.987-2.634-1.987s-2.521.757-2.521 1.858c0 .878.654 1.395 2.255 1.79l1.368.336c2.548.603 3.606 1.626 3.606 3.443 0 2.323-1.85 3.778-4.793 3.778-2.754 0-4.614-1.42-4.734-3.667ZM83.346 19.3v2.142h1.722v1.472h-1.722v4.991c0 .776.345 1.137 1.102 1.137a5.808 5.808 0 0 0 .611-.043v1.463a5.104 5.104 0 0 1-1.032.086c-1.833 0-2.548-.689-2.548-2.445v-5.189h-1.316v-1.472h1.316V19.3ZM86.065 25.97c0-2.849 1.678-4.639 4.294-4.639 2.625 0 4.295 1.79 4.295 4.639 0 2.856-1.661 4.638-4.295 4.638-2.633 0-4.294-1.782-4.294-4.638Zm6.695 0c0-1.954-.895-3.108-2.401-3.108s-2.4 1.162-2.4 3.108c0 1.962.894 3.106 2.4 3.106s2.401-1.144 2.401-3.106ZM96.186 21.442h1.773v1.541h.043a2.16 2.16 0 0 1 2.177-1.635 2.866 2.866 0 0 1 .637.069v1.738a2.598 2.598 0 0 0-.835-.112 1.873 1.873 0 0 0-1.937 2.083v5.37h-1.858ZM109.384 27.837c-.25 1.643-1.85 2.771-3.898 2.771-2.634 0-4.269-1.764-4.269-4.595 0-2.84 1.644-4.682 4.19-4.682 2.506 0 4.08 1.72 4.08 4.466v.637h-6.394v.112a2.358 2.358 0 0 0 2.436 2.564 2.048 2.048 0 0 0 2.09-1.273Zm-6.282-2.702h4.526a2.177 2.177 0 0 0-2.22-2.298 2.292 2.292 0 0 0-2.306 2.298Z"
            fill="#fff"
          />
        </g>
        <g
          data-name="<Group>"
        >
          <path
            d="M37.826 8.731a2.64 2.64 0 0 1 2.808 2.965c0 1.906-1.03 3.002-2.808 3.002h-2.155V8.73Zm-1.228 5.123h1.125a1.876 1.876 0 0 0 1.967-2.146 1.881 1.881 0 0 0-1.967-2.134h-1.125ZM41.68 12.444a2.133 2.133 0 1 1 4.248 0 2.134 2.134 0 1 1-4.247 0Zm3.334 0c0-.976-.439-1.547-1.208-1.547-.773 0-1.207.571-1.207 1.547 0 .984.434 1.55 1.207 1.55.77 0 1.208-.57 1.208-1.55ZM51.573 14.698h-.922l-.93-3.317h-.07l-.927 3.317h-.913l-1.242-4.503h.902l.806 3.436h.067l.926-3.436h.852l.926 3.436h.07l.803-3.436h.889ZM53.854 10.195h.855v.715h.066a1.348 1.348 0 0 1 1.344-.802 1.465 1.465 0 0 1 1.559 1.675v2.915h-.889v-2.692c0-.724-.314-1.084-.972-1.084a1.033 1.033 0 0 0-1.075 1.141v2.635h-.888ZM59.094 8.437h.888v6.26h-.888ZM61.218 12.444a2.133 2.133 0 1 1 4.247 0 2.134 2.134 0 1 1-4.247 0Zm3.333 0c0-.976-.439-1.547-1.208-1.547-.773 0-1.207.571-1.207 1.547 0 .984.434 1.55 1.207 1.55.77 0 1.208-.57 1.208-1.55ZM66.4 13.424c0-.81.604-1.278 1.676-1.344l1.22-.07v-.389c0-.475-.315-.744-.922-.744-.497 0-.84.182-.939.5h-.86c.09-.773.818-1.27 1.84-1.27 1.128 0 1.765.563 1.765 1.514v3.077h-.855v-.633h-.07a1.515 1.515 0 0 1-1.353.707 1.36 1.36 0 0 1-1.501-1.348Zm2.895-.384v-.377l-1.1.07c-.62.042-.9.253-.9.65 0 .405.351.64.834.64a1.062 1.062 0 0 0 1.166-.983ZM71.348 12.444c0-1.423.732-2.324 1.87-2.324a1.484 1.484 0 0 1 1.38.79h.067V8.437h.888v6.26h-.851v-.71h-.07a1.563 1.563 0 0 1-1.415.785c-1.145 0-1.869-.901-1.869-2.328Zm.918 0c0 .955.45 1.53 1.203 1.53.75 0 1.212-.583 1.212-1.526 0-.938-.468-1.53-1.212-1.53-.748 0-1.203.58-1.203 1.526ZM79.23 12.444a2.133 2.133 0 1 1 4.247 0 2.134 2.134 0 1 1-4.247 0Zm3.333 0c0-.976-.438-1.547-1.208-1.547-.772 0-1.207.571-1.207 1.547 0 .984.435 1.55 1.207 1.55.77 0 1.208-.57 1.208-1.55ZM84.67 10.195h.855v.715h.066a1.348 1.348 0 0 1 1.344-.802 1.465 1.465 0 0 1 1.559 1.675v2.915h-.889v-2.692c0-.724-.314-1.084-.972-1.084a1.033 1.033 0 0 0-1.075 1.141v2.635h-.889ZM93.515 9.074v1.141h.976v.749h-.976v2.315c0 .472.194.679.637.679a2.967 2.967 0 0 0 .339-.021v.74a2.916 2.916 0 0 1-.484.046c-.988 0-1.381-.348-1.381-1.216v-2.543h-.715v-.749h.715V9.074ZM95.705 8.437h.88v2.481h.07a1.386 1.386 0 0 1 1.374-.806 1.483 1.483 0 0 1 1.55 1.679v2.907h-.889V12.01c0-.72-.335-1.084-.963-1.084a1.052 1.052 0 0 0-1.134 1.142v2.63h-.888ZM104.761 13.482a1.828 1.828 0 0 1-1.95 1.303 2.045 2.045 0 0 1-2.081-2.325 2.077 2.077 0 0 1 2.076-2.352c1.253 0 2.009.856 2.009 2.27v.31h-3.18v.05a1.19 1.19 0 0 0 1.2 1.29 1.08 1.08 0 0 0 1.07-.546Zm-3.126-1.451h2.275a1.086 1.086 0 0 0-1.109-1.167 1.152 1.152 0 0 0-1.166 1.167Z"
            fill="#fff"
          />
        </g>
      </symbol>
    </svg>
  </footer>
</div>
`;
