// Jest Snapshot v1, https://goo.gl/fbAQLP

exports[`renders NavTopAccountProfile with defaults 1`] = `
<div
  class="base"
  data-testid="nav-top-account-profile"
>
  <button
    class="avatar text"
    type="button"
  >
    <img
      alt=""
    />
  </button>
</div>
`;
