// Jest Snapshot v1, https://goo.gl/fbAQLP

exports[`renders NavFooterCookiePreference with defaults 1`] = `
<div>
  <button
    class="text"
    data-testid="nav-footer-cookie-preference"
    id="ot-sdk-btn"
    type="button"
  >
    Cookie preferences
  </button>
</div>
`;
