// Jest Snapshot v1, https://goo.gl/fbAQLP

exports[`renders NavTop with defaults 1`] = `
<header
  class="base"
  data-testid="nav-top"
>
  <div
    class="container page-container"
  >
    <div
      class="base"
      data-testid="nav-top-brand"
    >
      <div
        class="mark"
      >
        <svg
          fill="none"
          viewBox="0 0 277 240"
          xmlns="http://www.w3.org/2000/svg"
        >
          <path
            d="M251.215.372H26.7258C12.1484.372 0 11.214 0 25.355v80.598c0 73.057 62.1946 133.862 138.969 133.862 76.288 0 137.999-60.805 137.999-133.862V25.355c0-14.141-11.661-24.983-25.753-24.983Z"
            fill="#EF4056"
          />
          <path
            d="m151.602 160.627 66.085-60.329c6.802-7.07 6.802-18.854 0-26.395-6.804-6.599-18.95-7.541-25.753 0l-52.965 48.546-51.9906-48.546c-7.2902-7.541-19.4384-6.599-26.726 0-7.7742 7.541-6.8032 19.325 0 26.395l65.1136 60.329c3.887 3.77 8.745 5.187 13.603 5.187 3.888 0 9.233-1.417 12.633-5.187Z"
            fill="#fff"
          />
        </svg>
      </div>
      <div
        class="full"
      >
        <svg
          fill="none"
          viewBox="0 0 1800 460"
          xmlns="http://www.w3.org/2000/svg"
        >
          <path
            d="M251.215 109.372H26.7258C12.1484 109.372 0 120.214 0 134.355v80.598c0 73.057 62.1946 133.862 138.969 133.862 76.288 0 137.999-60.805 137.999-133.862v-80.598c0-14.141-11.661-24.983-25.753-24.983Z"
            fill="#EF4056"
          />
          <path
            d="m151.602 269.627 66.085-60.329c6.802-7.07 6.802-18.854 0-26.395-6.804-6.599-18.95-7.541-25.753 0l-52.965 48.546-51.9907-48.546c-7.2902-7.541-19.4384-6.599-26.726 0-7.7742 7.541-6.8032 19.325 0 26.395l65.1137 60.329c3.887 3.77 8.745 5.187 13.603 5.187 3.888 0 9.233-1.417 12.633-5.187Z"
            fill="#fff"
          />
          <path
            d="m1373.19 137.633-90.47 79.03 100.18 106.205c5.84 6.599 8.26 16.026.49 23.096-6.81 6.129-17.49 3.77-23.81-2.828l-99.22-106.938-31.49 27.513v67.642c0 10.371-5.83 17.439-15.06 17.439-10.21 0-16.52-7.068-16.52-17.439V17.9135C1197.29 7.0715 1202.63 0 1213.81 0c10.2 0 15.06 7.0715 15.06 17.9135V226.879l122.94-111.872c7.28-6.596 17.49-8.483 24.29-1.411 6.32 6.596 5.35 16.966-2.91 24.037Zm-963.089 91.021c0 49.961 41.789 90.967 91.837 90.967 51.02 0 91.836-41.006 91.836-90.967 0-50.435-40.816-92.384-91.836-92.384-50.048 0-91.837 41.949-91.837 92.384Zm-2.916-73.059c23.81-27.809 57.338-48.548 95.237-48.548 69.001 0 123.425 55.147 123.425 121.607 0 66.458-54.424 120.192-123.425 120.192-37.899 0-71.427-18.856-95.237-46.193V443.11c0 9.429-5.829 16.499-15.547 16.499-9.234 0-16.037-6.599-16.037-16.026V122.129c0-9.897 6.317-16.966 15.549-16.966 8.749 0 14.578 5.654 15.064 17.438l.971 32.994Zm278.433 73.028c0 49.961 41.787 90.967 91.836 90.967 51.019 0 91.837-41.006 91.837-90.967 0-50.435-40.818-92.384-91.837-92.384-50.049 0-91.836 41.949-91.836 92.384Zm-32.072 0c0-66.46 54.423-121.607 124.879-121.607 65.597 0 123.421 55.147 123.421 121.607 0 66.458-57.336 120.192-123.421 120.192-70.456 0-124.879-53.734-124.879-120.192Zm474.244 52.788c2.92-3.771 7.78-7.068 12.15-7.068 8.26 0 14.58 5.655 14.58 14.14 0 3.77-1.95 8.011-5.35 12.253-18.95 24.511-54.91 48.079-96.69 48.079-67.545 0-122.939-54.678-122.939-120.192 0-66.459 55.394-120.192 122.939-120.192 38.87 0 72.4 16.024 92.32 43.833 2.91 4.243 6.32 9.427 6.32 14.612 0 7.072-7.29 12.257-14.58 12.257-5.35 0-9.72-3.301-12.64-6.6-16.52-19.325-35.95-35.822-71.42-35.822-48.6 0-90.384 34.408-90.384 91.912 0 53.73 41.784 90.967 90.384 90.967 32.55 0 61.71-20.738 75.31-38.179Zm302.48-69.758c7.15-49.472 44.82-75.414 87.22-75.414 45.19 0 76.77 36.764 78.72 75.414h-165.94Zm87.22-104.637c-69 0-120.5 55.147-120.5 121.607 0 66.458 52.47 120.192 120.98 120.192 34.02 0 67.06-12.257 88.93-32.995 4.86-4.713 8.74-9.898 8.74-15.084 0-7.541-4.85-13.669-14.09-13.669-4.85 0-9.72 1.885-13.6 5.186-20.41 17.439-41.3 27.337-69.98 27.337-44.6 0-84.41-32.934-88.55-82.015h173.59c16.52 0 25.76-8.483 25.76-22.151 0-52.791-47.62-108.408-111.28-108.408Zm250.25 201.274c2.92-2.355 7.78-5.183 12.64-5.183 8.26 0 13.6 5.654 13.6 13.668 0 5.655-3.4 9.898-6.8 13.671-10.69 10.84-26.24 18.381-46.65 18.381-33.04 0-61.71-21.21-61.71-66.93V135.781l-26.24.945c-7.77.469-14.09-5.657-14.09-13.199 0-8.486 5.83-13.668 14.09-13.668l26.24.47V61.7808c0-9.4253 7.29-16.0244 16.04-16.0244 8.26 0 15.06 6.5991 15.06 16.0244v48.5482l61.71-.47c8.75 0 14.58 5.182 14.58 13.668 0 8.014-5.83 13.199-14.58 13.199l-61.71-.945v145.174c0 26.864 11.17 38.647 31.1 38.647 11.66 0 19.92-5.655 26.72-11.312Z"
            fill="currentColor"
          />
        </svg>
      </div>
    </div>
    <div
      class="base new"
      data-testid="nav-top-search"
    >
      <input
        id="search"
        name="search"
        placeholder=""
        type="search"
      />
    </div>
    <div
      class="loggedOut"
      data-testid="nav-top-account"
    >
      <div
        class="base"
        data-testid="nav-top-account-auth"
      >
        <a
          class="button new small outline"
          data-testid="nav-top-account-signup-link"
          href="https://getpocket.com/signup?src=web-nav"
          id="global-nav-signup-link"
        >
          <span
            class="label"
          >
            Sign up
          </span>
        </a>
        <a
          class="button new small primary"
          data-testid="nav-top-account-login-link"
          href="https://getpocket.com/ff_signin?direct_route=https://pocket-client.pocket.com/waypoint&consumer_key=94110-6d5ff7a89d72c869766af0e0?src=web-nav"
          id="global-nav-login-link"
        >
          Log in
        </a>
      </div>
    </div>
  </div>
</header>
`;
