// Jest Snapshot v1, https://goo.gl/fbAQLP

exports[`renders NavFooterLanguageSelector with defaults 1`] = `
<div>
  <select
    data-testid="nav-footer-language-selector"
  >
    <option
      value="zh-TW"
    >
      Chinese (Taiwan)
    </option>
    <option
      value="zh"
    >
      Chinese
    </option>
    <option
      value="nl"
    >
      Dutch
    </option>
    <option
      value="en"
    >
      English
    </option>
    <option
      value="fr"
    >
      French
    </option>
    <option
      value="fr-CA"
    >
      French (Canada)
    </option>
    <option
      value="de"
    >
      German
    </option>
    <option
      value="it"
    >
      Italian
    </option>
    <option
      value="ja"
    >
      Japanese
    </option>
    <option
      value="ko"
    >
      Korean
    </option>
    <option
      value="pl"
    >
      Polish
    </option>
    <option
      value="pt"
    >
      Portuguese
    </option>
    <option
      value="pt-BR"
    >
      Portuguese (Brazil)
    </option>
    <option
      value="ru"
    >
      Russian
    </option>
    <option
      value="es"
    >
      Spanish (Spain)
    </option>
    <option
      value="es-LA"
    >
      Spanish (Latin America)
    </option>
  </select>
</div>
`;
